step     0 | loss=3742674.000 | area=806256.62 err=28749774848.0000 | row-ok=0.000 λ_row=10.00 constraint=6144.00 
step    10 | loss=3131858.000 | area=806256.75 err=22846412800.0000 | row-ok=0.000 λ_row=10.00 constraint=4096.00 
step    20 | loss=3117323.000 | area=779835.38 err=23067674624.0000 | row-ok=0.000 λ_row=10.00 constraint=3072.00 
step    30 | loss=3157057.000 | area=761040.94 err=23550560256.0000 | row-ok=0.000 λ_row=10.00 constraint=4096.00 
step    40 | loss=2916715.000 | area=756410.38 err=20988647424.0000 | row-ok=0.000 λ_row=10.00 constraint=6144.00 
step    50 | loss=2989574.000 | area=726992.88 err=22113812480.0000 | row-ok=0.000 λ_row=10.00 constraint=5120.00 
step    60 | loss=2844162.500 | area=726992.88 err=20659695616.0000 | row-ok=0.000 λ_row=10.00 constraint=5120.00 
step    70 | loss=3130728.500 | area=726992.88 err=23525355520.0000 | row-ok=0.000 λ_row=10.00 constraint=5120.00 
step    80 | loss=2937921.750 | area=725358.56 err=21716033536.0000 | row-ok=0.000 λ_row=10.00 constraint=4096.00 
step    90 | loss=3034669.000 | area=724813.88 err=22688952320.0000 | row-ok=0.000 λ_row=10.00 constraint=4096.00 
step   100 | loss=2756217.750 | area=708743.19 err=20065146880.0000 | row-ok=0.000 λ_row=10.00 constraint=4096.00 
step   110 | loss=2361001.250 | area=711739.44 err=16083019776.0000 | row-ok=0.000 λ_row=10.00 constraint=4096.00 
step   120 | loss=2381527.500 | area=713918.50 err=16368889856.0000 | row-ok=0.000 λ_row=10.00 constraint=3072.00 
step   130 | loss=2367673.500 | area=701388.81 err=16355646464.0000 | row-ok=0.000 λ_row=10.00 constraint=3072.00 
step   140 | loss=2200029.500 | area=688042.00 err=14607874048.0000 | row-ok=0.000 λ_row=10.00 constraint=5120.00 
step   150 | loss=2351171.000 | area=689131.56 err=16005994496.0000 | row-ok=0.000 λ_row=10.00 constraint=6144.00 
step   160 | loss=2238272.750 | area=683411.44 err=15036614656.0000 | row-ok=0.000 λ_row=10.00 constraint=5120.00 
step   170 | loss=2064523.250 | area=679053.31 err=13342698496.0000 | row-ok=0.000 λ_row=10.00 constraint=5120.00 
step   180 | loss=2129319.500 | area=681504.75 err=13966148608.0000 | row-ok=0.000 λ_row=10.00 constraint=5120.00 
step   190 | loss=2182719.000 | area=676057.12 err=14452219904.0000 | row-ok=0.000 λ_row=10.00 constraint=6144.00 
step   200 | loss=2080751.750 | area=662437.94 err=13671139328.0000 | row-ok=0.000 λ_row=10.00 constraint=5120.00 
step   210 | loss=2085084.000 | area=663255.06 err=13706289152.0000 | row-ok=0.000 λ_row=10.00 constraint=5120.00 
step   220 | loss=2041207.000 | area=667068.44 err=13536585728.0000 | row-ok=0.000 λ_row=10.00 constraint=2048.00 
step   230 | loss=1410968.875 | area=660803.62 err=7194452480.0000 | row-ok=0.000 λ_row=10.00 constraint=3072.00 
step   240 | loss=1330316.000 | area=660803.62 err=6387923968.0000 | row-ok=0.000 λ_row=10.00 constraint=3072.00 
step   250 | loss=1300945.500 | area=649635.88 err=6001095680.0000 | row-ok=0.000 λ_row=10.00 constraint=5120.00 
step   260 | loss=1452514.000 | area=663799.88 err=7579940864.0000 | row-ok=0.000 λ_row=10.00 constraint=3072.00 
step   270 | loss=1385375.250 | area=665706.50 err=6991887360.0000 | row-ok=0.000 λ_row=10.00 constraint=2048.00 
step   280 | loss=1358594.250 | area=658079.81 err=6697944576.0000 | row-ok=0.000 λ_row=10.00 constraint=3072.00 
step   290 | loss=1365030.250 | area=651814.94 err=6722552832.0000 | row-ok=0.000 λ_row=10.00 constraint=4096.00 
step   300 | loss=1322260.375 | area=660258.88 err=6312815104.0000 | row-ok=0.000 λ_row=10.00 constraint=3072.00 
step   310 | loss=1418670.750 | area=653449.25 err=7242615808.0000 | row-ok=0.000 λ_row=10.00 constraint=4096.00 
step   320 | loss=1438649.625 | area=653449.25 err=7442403840.0000 | row-ok=0.000 λ_row=10.00 constraint=4096.00 
step   330 | loss=1433823.000 | area=655900.69 err=7369623040.0000 | row-ok=0.000 λ_row=10.00 constraint=4096.00 
step   340 | loss=1226217.875 | area=659441.69 err=5258162176.0000 | row-ok=0.000 λ_row=10.00 constraint=4096.00 
step   350 | loss=1327061.375 | area=649908.19 err=6361931776.0000 | row-ok=0.000 λ_row=10.00 constraint=4096.00 
step   360 | loss=1297533.750 | area=649908.19 err=6066655744.0000 | row-ok=0.000 λ_row=10.00 constraint=4096.00 
step   370 | loss=1348104.500 | area=649908.19 err=6674762752.0000 | row-ok=0.000 λ_row=10.00 constraint=3072.00 
step   380 | loss=1462159.750 | area=648546.38 err=7624133632.0000 | row-ok=0.000 λ_row=10.00 constraint=5120.00 
step   390 | loss=1426662.250 | area=643915.75 err=7520265728.0000 | row-ok=0.000 λ_row=10.00 constraint=3072.00 
step   400 | loss=1373990.500 | area=643915.75 err=6993548288.0000 | row-ok=0.000 λ_row=10.00 constraint=3072.00 
step   410 | loss=1295358.500 | area=644732.88 err=6301456384.0000 | row-ok=0.000 λ_row=10.00 constraint=2048.00 
step   420 | loss=1339744.500 | area=643915.75 err=6651087872.0000 | row-ok=0.000 λ_row=10.00 constraint=3072.00 
step   430 | loss=1419033.125 | area=643915.75 err=7443974144.0000 | row-ok=0.000 λ_row=10.00 constraint=3072.00 
step   440 | loss=1321748.750 | area=635744.25 err=6552844288.0000 | row-ok=0.000 λ_row=10.00 constraint=3072.00 
step   450 | loss=1325552.500 | area=640919.56 err=6539129856.0000 | row-ok=0.000 λ_row=10.00 constraint=3072.00 
step   460 | loss=1306478.000 | area=635471.88 err=6198061056.0000 | row-ok=0.000 λ_row=10.00 constraint=5120.00 
step   470 | loss=1308414.500 | area=630296.62 err=6166778880.0000 | row-ok=0.000 λ_row=10.00 constraint=6144.00 
step   480 | loss=1360240.500 | area=636289.00 err=6829915136.0000 | row-ok=0.000 λ_row=10.00 constraint=4096.00 
step   490 | loss=1314564.250 | area=635199.50 err=6076848128.0000 | row-ok=0.000 λ_row=10.00 constraint=7168.00 
step   500 | loss=1313637.750 | area=636833.75 err=6153639936.0000 | row-ok=0.000 λ_row=10.00 constraint=6144.00 
step   510 | loss=1321171.125 | area=629207.06 err=6407641088.0000 | row-ok=0.000 λ_row=10.00 constraint=5120.00 
step   520 | loss=1318973.875 | area=631930.88 err=6356366848.0000 | row-ok=0.000 λ_row=10.04 constraint=5120.00 
step   530 | loss=1214274.500 | area=629207.00 err=5437765632.0000 | row-ok=0.000 λ_row=10.08 constraint=4096.00 
step   540 | loss=1231403.625 | area=630841.25 err=5591050240.0000 | row-ok=0.000 λ_row=10.12 constraint=4096.00 
step   550 | loss=1286590.000 | area=637651.00 err=6073144320.0000 | row-ok=0.000 λ_row=10.16 constraint=4096.00 
step   560 | loss=1142510.000 | area=632203.31 err=4685143040.0000 | row-ok=0.000 λ_row=10.20 constraint=4096.00 
step   570 | loss=1248415.250 | area=633020.44 err=5629436928.0000 | row-ok=0.000 λ_row=10.24 constraint=5120.00 
step   580 | loss=1144706.375 | area=635744.25 err=4457670656.0000 | row-ok=0.000 λ_row=10.29 constraint=6144.00 
step   590 | loss=1112178.625 | area=635744.25 err=4235595776.0000 | row-ok=0.000 λ_row=10.33 constraint=5120.00 
step   600 | loss=1121292.375 | area=635744.25 err=4218424832.0000 | row-ok=0.000 λ_row=10.37 constraint=6144.00 
step   610 | loss=1142215.125 | area=634654.75 err=4649188352.0000 | row-ok=0.000 λ_row=10.41 constraint=4096.00 
step   620 | loss=1100112.875 | area=633837.56 err=4127584000.0000 | row-ok=0.000 λ_row=10.45 constraint=5120.00 
step   630 | loss=1071561.750 | area=629751.75 err=3880772608.0000 | row-ok=0.000 λ_row=10.49 constraint=5120.00 
step   640 | loss=1120103.125 | area=628934.62 err=4372191744.0000 | row-ok=0.000 λ_row=10.54 constraint=5120.00 
step   650 | loss=1117390.750 | area=631386.12 err=4426711552.0000 | row-ok=0.000 λ_row=10.58 constraint=4096.00 
step   660 | loss=1165192.125 | area=629207.12 err=4707227136.0000 | row-ok=0.000 λ_row=10.62 constraint=6144.00 
step   670 | loss=1122541.250 | area=632203.25 err=4248125696.0000 | row-ok=0.000 λ_row=10.66 constraint=6144.00 
step   680 | loss=1170018.000 | area=634109.94 err=5139782144.0000 | row-ok=0.000 λ_row=10.71 constraint=2048.00 
step   690 | loss=1108945.000 | area=633292.75 err=4426248704.0000 | row-ok=0.000 λ_row=10.75 constraint=3072.00 
step   700 | loss=1116430.000 | area=635744.25 err=4475251200.0000 | row-ok=0.000 λ_row=10.79 constraint=3072.00 
step   710 | loss=1115923.750 | area=629751.75 err=4528777216.0000 | row-ok=0.000 λ_row=10.84 constraint=3072.00 
step   720 | loss=1138671.750 | area=633292.75 err=4830934016.0000 | row-ok=0.000 λ_row=10.88 constraint=2048.00 
step   730 | loss=1070330.250 | area=635744.25 err=4122105344.0000 | row-ok=0.000 λ_row=10.93 constraint=2048.00 
step   740 | loss=1152846.750 | area=619673.62 err=4657758208.0000 | row-ok=0.000 λ_row=10.97 constraint=6144.00 
step   750 | loss=1096986.750 | area=630569.00 err=4325833216.0000 | row-ok=0.000 λ_row=11.01 constraint=3072.00 
step   760 | loss=1087020.500 | area=628934.62 err=4241150464.0000 | row-ok=0.000 λ_row=11.06 constraint=3072.00 
step   770 | loss=1096506.625 | area=628934.62 err=4334641152.0000 | row-ok=0.000 λ_row=11.10 constraint=3072.00 
step   780 | loss=1127170.250 | area=626210.81 err=4667141120.0000 | row-ok=0.000 λ_row=11.15 constraint=3072.00 
step   790 | loss=1112010.875 | area=620490.75 err=4685978624.0000 | row-ok=0.000 λ_row=11.19 constraint=2048.00 
step   800 | loss=1086660.500 | area=622942.19 err=4407036416.0000 | row-ok=0.000 λ_row=11.24 constraint=2048.00 
step   810 | loss=1095199.000 | area=614498.31 err=4460394496.0000 | row-ok=0.000 λ_row=11.28 constraint=3072.00 
step   820 | loss=1053793.750 | area=621852.69 err=4087404544.0000 | row-ok=0.000 λ_row=11.33 constraint=2048.00 
step   830 | loss=1127124.875 | area=618311.75 err=4738718720.0000 | row-ok=0.000 λ_row=11.37 constraint=3072.00 
step   840 | loss=1083458.750 | area=624304.12 err=4357665280.0000 | row-ok=0.000 λ_row=11.42 constraint=2048.00 
step   850 | loss=1079948.250 | area=618311.69 err=4264130048.0000 | row-ok=0.000 λ_row=11.47 constraint=3072.00 
step   860 | loss=1052586.625 | area=618311.69 err=3989093888.0000 | row-ok=0.000 λ_row=11.51 constraint=3072.00 
step   870 | loss=1148731.250 | area=618039.31 err=4833476608.0000 | row-ok=0.000 λ_row=11.56 constraint=4096.00 
step   880 | loss=1143251.500 | area=622125.06 err=4617075712.0000 | row-ok=0.000 λ_row=11.61 constraint=5120.00 
step   890 | loss=1140101.750 | area=622125.06 err=4583182336.0000 | row-ok=0.000 λ_row=11.65 constraint=5120.00 
step   900 | loss=1061855.250 | area=623759.31 err=4021565696.0000 | row-ok=0.000 λ_row=11.70 constraint=3072.00 
step   910 | loss=1139135.125 | area=625393.69 err=4656290816.0000 | row-ok=0.000 λ_row=11.75 constraint=4096.00 
step   920 | loss=1156300.625 | area=624576.56 err=4713410560.0000 | row-ok=0.000 λ_row=11.79 constraint=5120.00 
step   930 | loss=1019015.750 | area=630841.38 err=3275479552.0000 | row-ok=0.000 λ_row=11.84 constraint=5120.00 
step   940 | loss=1078262.000 | area=629207.06 err=4003583488.0000 | row-ok=0.000 λ_row=11.89 constraint=4096.00 
step   950 | loss=1048878.000 | area=616677.38 err=3710844416.0000 | row-ok=0.000 λ_row=11.94 constraint=5120.00 
step   960 | loss=1284366.500 | area=617222.12 err=5935092736.0000 | row-ok=0.000 λ_row=11.98 constraint=6144.00 
step   970 | loss=1091410.125 | area=616677.38 err=4131226880.0000 | row-ok=0.000 λ_row=12.03 constraint=5120.00 
step   980 | loss=1061651.000 | area=615860.19 err=3839322880.0000 | row-ok=0.000 λ_row=12.08 constraint=5120.00 
step   990 | loss=1028338.250 | area=617222.12 err=3738514432.0000 | row-ok=0.000 λ_row=12.13 constraint=3072.00 
step  1000 | loss=1200857.000 | area=615587.75 err=5478542336.0000 | row-ok=0.000 λ_row=12.18 constraint=3072.00 
step  1010 | loss=1054916.750 | area=616405.00 err=4009460224.0000 | row-ok=0.000 λ_row=12.23 constraint=3072.00 
step  1020 | loss=1015576.125 | area=616405.00 err=3614538752.0000 | row-ok=0.000 λ_row=12.28 constraint=3072.00 
step  1030 | loss=1220350.750 | area=613953.50 err=5685279232.0000 | row-ok=0.000 λ_row=12.33 constraint=3072.00 
step  1040 | loss=1075777.250 | area=614770.75 err=4229845760.0000 | row-ok=0.000 λ_row=12.38 constraint=3072.00 
step  1050 | loss=1086765.250 | area=614770.75 err=4338192384.0000 | row-ok=0.000 λ_row=12.43 constraint=3072.00 
step  1060 | loss=1004992.875 | area=614770.75 err=3518929408.0000 | row-ok=0.000 λ_row=12.48 constraint=3072.00 
step  1070 | loss=1015574.875 | area=607961.06 err=3563021568.0000 | row-ok=0.000 λ_row=12.53 constraint=4096.00 
step  1080 | loss=1052926.000 | area=615860.25 err=3984269312.0000 | row-ok=0.000 λ_row=12.58 constraint=3072.00 
step  1090 | loss=998392.750 | area=615860.25 err=3437378560.0000 | row-ok=0.000 λ_row=12.63 constraint=3072.00 
step  1100 | loss=1052475.500 | area=611774.50 err=3887663104.0000 | row-ok=0.000 λ_row=12.68 constraint=4096.00 
step  1110 | loss=1016584.062 | area=611229.69 err=3792823296.0000 | row-ok=0.000 λ_row=12.73 constraint=2048.00 
step  1120 | loss=993594.062 | area=615315.44 err=3651901184.0000 | row-ok=0.000 λ_row=12.78 constraint=1024.00 
step  1130 | loss=1123158.250 | area=604147.69 err=4927278080.0000 | row-ok=0.000 λ_row=12.83 constraint=2048.00 
step  1140 | loss=995645.938 | area=616132.62 err=3531246592.0000 | row-ok=0.000 λ_row=12.89 constraint=2048.00 
step  1150 | loss=1024875.875 | area=612046.88 err=3730864128.0000 | row-ok=0.000 λ_row=12.94 constraint=3072.00 
step  1160 | loss=1032770.062 | area=611502.12 err=3680641024.0000 | row-ok=0.000 λ_row=12.99 constraint=4096.00 
step  1170 | loss=1155266.125 | area=615043.06 err=4868048384.0000 | row-ok=0.000 λ_row=13.04 constraint=4096.00 
step  1180 | loss=1046291.125 | area=604692.50 err=3879649536.0000 | row-ok=0.000 λ_row=13.09 constraint=4096.00 
step  1190 | loss=996099.375 | area=605509.62 err=3367399168.0000 | row-ok=0.000 λ_row=13.15 constraint=4096.00 
step  1200 | loss=1016245.750 | area=604147.75 err=3580310272.0000 | row-ok=0.000 λ_row=13.20 constraint=4096.00 
step  1210 | loss=1123851.250 | area=603875.38 err=4521197056.0000 | row-ok=0.000 λ_row=13.25 constraint=5120.00 
step  1220 | loss=1068321.875 | area=607416.31 err=3927757824.0000 | row-ok=0.000 λ_row=13.31 constraint=5120.00 
step  1230 | loss=1089541.875 | area=609323.00 err=4118144512.0000 | row-ok=0.000 λ_row=13.36 constraint=5120.00 
step  1240 | loss=1120688.875 | area=614498.31 err=4375102976.0000 | row-ok=0.000 λ_row=13.41 constraint=5120.00 
step  1250 | loss=1090926.625 | area=619673.62 err=4022958848.0000 | row-ok=0.000 λ_row=13.47 constraint=5120.00 
step  1260 | loss=1054095.375 | area=614498.31 err=3703619072.0000 | row-ok=0.000 λ_row=13.52 constraint=5120.00 
step  1270 | loss=1139906.000 | area=612864.00 err=4575277056.0000 | row-ok=0.000 λ_row=13.58 constraint=5120.00 
step  1280 | loss=1060687.250 | area=612864.00 err=3780286976.0000 | row-ok=0.000 λ_row=13.63 constraint=5120.00 
step  1290 | loss=1087903.250 | area=617222.19 err=4006050816.0000 | row-ok=0.000 λ_row=13.69 constraint=5120.00 
step  1300 | loss=1100361.375 | area=616677.38 err=4133254912.0000 | row-ok=0.000 λ_row=13.74 constraint=5120.00 
step  1310 | loss=1051025.250 | area=611502.12 err=3830093824.0000 | row-ok=0.000 λ_row=13.80 constraint=4096.00 
step  1320 | loss=1098967.750 | area=598700.06 err=4151553024.0000 | row-ok=0.000 λ_row=13.85 constraint=6144.00 
step  1330 | loss=1038215.250 | area=601151.50 err=3658508288.0000 | row-ok=0.000 λ_row=13.91 constraint=5120.00 
step  1340 | loss=1096012.375 | area=603330.56 err=4354818048.0000 | row-ok=0.000 λ_row=13.96 constraint=4096.00 
step  1350 | loss=1075497.375 | area=607961.12 err=4101055744.0000 | row-ok=0.000 λ_row=14.02 constraint=4096.00 
step  1360 | loss=1571539.125 | area=613681.19 err=9146114048.0000 | row-ok=0.000 λ_row=14.08 constraint=3072.00 
step  1370 | loss=1044349.000 | area=608505.88 err=3634748160.0000 | row-ok=0.000 λ_row=14.13 constraint=5120.00 
step  1380 | loss=1085643.500 | area=599244.81 err=3992065792.0000 | row-ok=0.000 λ_row=14.19 constraint=6144.00 
step  1390 | loss=1022242.312 | area=601151.50 err=3627283456.0000 | row-ok=0.000 λ_row=14.25 constraint=4096.00 
step  1400 | loss=1057417.250 | area=609867.81 err=3889517056.0000 | row-ok=0.000 λ_row=14.31 constraint=4096.00 
step  1410 | loss=1064633.750 | area=597610.50 err=3787722752.0000 | row-ok=0.000 λ_row=14.36 constraint=6144.00 
step  1420 | loss=1062486.750 | area=604964.88 err=3836829184.0000 | row-ok=0.000 λ_row=14.42 constraint=5120.00 
step  1430 | loss=1070183.625 | area=599517.19 err=4113571328.0000 | row-ok=0.000 λ_row=14.48 constraint=4096.00 
step  1440 | loss=1053845.375 | area=597610.50 err=3669122048.0000 | row-ok=0.000 λ_row=14.54 constraint=6144.00 
step  1450 | loss=1061361.875 | area=609867.81 err=3917055488.0000 | row-ok=0.000 λ_row=14.60 constraint=4096.00 
step  1460 | loss=1033210.812 | area=603330.56 err=3548432640.0000 | row-ok=0.000 λ_row=14.66 constraint=5120.00 
step  1470 | loss=1064914.750 | area=596793.38 err=3777139968.0000 | row-ok=0.000 λ_row=14.71 constraint=6144.00 
step  1480 | loss=1024886.250 | area=602513.44 err=3618582272.0000 | row-ok=0.000 λ_row=14.77 constraint=4096.00 
step  1490 | loss=1012993.438 | area=606054.38 err=3613701632.0000 | row-ok=0.000 λ_row=14.83 constraint=3072.00 
step  1500 | loss=1031741.000 | area=598700.06 err=3720373760.0000 | row-ok=0.000 λ_row=14.89 constraint=4096.00 
step  1510 | loss=1062263.500 | area=604147.75 err=3815539200.0000 | row-ok=0.000 λ_row=14.95 constraint=5120.00 
step  1520 | loss=1057073.000 | area=601151.50 err=3636768512.0000 | row-ok=0.000 λ_row=15.01 constraint=6144.00 
step  1530 | loss=1047278.750 | area=598700.06 err=3868342784.0000 | row-ok=0.000 λ_row=15.07 constraint=4096.00 
step  1540 | loss=1070226.125 | area=601696.25 err=4065366272.0000 | row-ok=0.000 λ_row=15.14 constraint=4096.00 
step  1550 | loss=1030945.312 | area=595976.19 err=3416042496.0000 | row-ok=0.000 λ_row=15.20 constraint=6144.00 
step  1560 | loss=1057893.750 | area=589166.62 err=4062330368.0000 | row-ok=0.000 λ_row=15.26 constraint=4096.00 
step  1570 | loss=1034118.125 | area=590800.94 err=3805711104.0000 | row-ok=0.000 λ_row=15.32 constraint=4096.00 
step  1580 | loss=993749.688 | area=590800.94 err=3399496192.0000 | row-ok=0.000 λ_row=15.38 constraint=4096.00 
step  1590 | loss=1030171.625 | area=591618.06 err=3753004288.0000 | row-ok=0.000 λ_row=15.44 constraint=4096.00 
step  1600 | loss=911716.312 | area=590528.50 err=2735567104.0000 | row-ok=0.000 λ_row=15.50 constraint=3072.00 
step  1610 | loss=1022609.625 | area=588077.06 err=3707683840.0000 | row-ok=0.000 λ_row=15.57 constraint=4096.00 
step  1620 | loss=908691.312 | area=588894.25 err=2717811456.0000 | row-ok=0.000 λ_row=15.63 constraint=3072.00 
step  1630 | loss=904195.250 | area=588894.25 err=2670915072.0000 | row-ok=0.000 λ_row=15.69 constraint=3072.00 
step  1640 | loss=900599.125 | area=588894.25 err=2633010176.0000 | row-ok=0.000 λ_row=15.76 constraint=3072.00 
step  1650 | loss=911866.500 | area=588894.25 err=2743731968.0000 | row-ok=0.000 λ_row=15.82 constraint=3072.00 
step  1660 | loss=895402.375 | area=590800.88 err=2558064896.0000 | row-ok=0.000 λ_row=15.88 constraint=3072.00 
step  1670 | loss=865275.000 | area=592707.56 err=2235757568.0000 | row-ok=0.000 λ_row=15.95 constraint=3072.00 
step  1680 | loss=867487.625 | area=592707.56 err=2255908864.0000 | row-ok=0.000 λ_row=16.01 constraint=3072.00 
step  1690 | loss=891245.688 | area=589983.75 err=2518743552.0000 | row-ok=0.000 λ_row=16.08 constraint=3072.00 
step  1700 | loss=1356748.625 | area=588621.88 err=7185400832.0000 | row-ok=0.000 λ_row=16.14 constraint=3072.00 
step  1710 | loss=1360016.125 | area=588621.88 err=7216075776.0000 | row-ok=0.000 λ_row=16.21 constraint=3072.00 
step  1720 | loss=907145.500 | area=592435.25 err=2647229440.0000 | row-ok=0.000 λ_row=16.27 constraint=3072.00 
step  1730 | loss=891450.562 | area=592435.25 err=2488264704.0000 | row-ok=0.000 λ_row=16.34 constraint=3072.00 
step  1740 | loss=905893.938 | area=592435.25 err=2630674944.0000 | row-ok=0.000 λ_row=16.40 constraint=3072.00 
step  1750 | loss=1311761.125 | area=590256.12 err=6709106688.0000 | row-ok=0.000 λ_row=16.47 constraint=3072.00 
step  1760 | loss=890783.938 | area=588894.19 err=2510914304.0000 | row-ok=0.000 λ_row=16.54 constraint=3072.00 
step  1770 | loss=884985.312 | area=588894.25 err=2450879488.0000 | row-ok=0.000 λ_row=16.60 constraint=3072.00 
step  1780 | loss=1372834.750 | area=589711.44 err=7319146496.0000 | row-ok=0.000 λ_row=16.67 constraint=3072.00 
step  1790 | loss=880043.562 | area=590800.94 err=2378274304.0000 | row-ok=0.000 λ_row=16.74 constraint=3072.00 
step  1800 | loss=867952.250 | area=590800.94 err=2255288320.0000 | row-ok=0.000 λ_row=16.80 constraint=3072.00 
step  1810 | loss=1351340.750 | area=589711.44 err=7097987072.0000 | row-ok=0.000 λ_row=16.87 constraint=3072.00 
step  1820 | loss=870052.125 | area=590800.94 err=2272115968.0000 | row-ok=0.000 λ_row=16.94 constraint=3072.00 
step  1830 | loss=872749.688 | area=589983.75 err=2305165568.0000 | row-ok=0.000 λ_row=17.01 constraint=3072.00 
step  1840 | loss=1720945.000 | area=601151.50 err=10673335296.0000 | row-ok=0.000 λ_row=17.08 constraint=3072.00 
step  1850 | loss=863873.938 | area=589166.56 err=2220357888.0000 | row-ok=0.000 λ_row=17.15 constraint=3072.00 
step  1860 | loss=839428.938 | area=602241.06 err=1843039744.0000 | row-ok=0.000 λ_row=17.21 constraint=3072.00 
step  1870 | loss=867677.625 | area=591618.00 err=2229624832.0000 | row-ok=0.000 λ_row=17.28 constraint=3072.00 
step  1880 | loss=867402.375 | area=588349.44 err=2257417728.0000 | row-ok=0.000 λ_row=17.35 constraint=3072.00 
step  1890 | loss=869381.438 | area=588349.44 err=2275058944.0000 | row-ok=0.000 λ_row=17.42 constraint=3072.00 
step  1900 | loss=832094.938 | area=601423.94 err=1769290752.0000 | row-ok=0.000 λ_row=17.49 constraint=3072.00 
step  1910 | loss=877751.500 | area=590800.88 err=2329920000.0000 | row-ok=0.000 λ_row=17.56 constraint=3072.00 
step  1920 | loss=864908.375 | area=589166.56 err=2215656704.0000 | row-ok=0.000 λ_row=17.64 constraint=3072.00 
step  1930 | loss=866850.688 | area=589166.56 err=2232895744.0000 | row-ok=0.000 λ_row=17.71 constraint=3072.00 
step  1940 | loss=1714326.625 | area=600334.38 err=10593783808.0000 | row-ok=0.000 λ_row=17.78 constraint=3072.00 
step  1950 | loss=877563.062 | area=590800.88 err=2319281664.0000 | row-ok=0.000 λ_row=17.85 constraint=3072.00 
step  1960 | loss=871683.875 | area=589166.56 err=2274621952.0000 | row-ok=0.000 λ_row=17.92 constraint=3072.00 
step  1970 | loss=862856.375 | area=589166.56 err=2184127232.0000 | row-ok=0.000 λ_row=17.99 constraint=3072.00 
step  1980 | loss=841891.625 | area=601423.94 err=1849677568.0000 | row-ok=0.000 λ_row=18.07 constraint=3072.00 
step  1990 | loss=840734.500 | area=603058.25 err=1819524864.0000 | row-ok=0.000 λ_row=18.14 constraint=3072.00 
step  2000 | loss=842609.500 | area=601423.94 err=1852372096.0000 | row-ok=0.000 λ_row=18.21 constraint=3072.00 
step  2010 | loss=839018.688 | area=600606.75 err=1822379776.0000 | row-ok=0.000 λ_row=18.29 constraint=3072.00 
step  2020 | loss=849198.375 | area=600606.75 err=1921911808.0000 | row-ok=0.000 λ_row=18.36 constraint=3072.00 
step  2030 | loss=840593.438 | area=602241.06 err=1817245568.0000 | row-ok=0.000 λ_row=18.43 constraint=3072.00 
step  2040 | loss=844362.750 | area=600606.75 err=1868999040.0000 | row-ok=0.000 λ_row=18.51 constraint=3072.00 
step  2050 | loss=875702.250 | area=588349.44 err=2302674432.0000 | row-ok=0.000 λ_row=18.58 constraint=3072.00 
step  2060 | loss=866715.438 | area=588349.44 err=2210505216.0000 | row-ok=0.000 λ_row=18.66 constraint=3072.00 
step  2070 | loss=849093.125 | area=584263.75 err=2264650240.0000 | row-ok=0.000 λ_row=18.73 constraint=2048.00 
step  2080 | loss=843936.188 | area=584263.75 err=2211533824.0000 | row-ok=0.000 λ_row=18.81 constraint=2048.00 
step  2090 | loss=817331.250 | area=596521.00 err=1821358464.0000 | row-ok=0.000 λ_row=18.88 constraint=2048.00 
step  2100 | loss=823130.750 | area=598155.25 err=1861451904.0000 | row-ok=0.000 λ_row=18.96 constraint=2048.00 
step  2110 | loss=854420.562 | area=584263.75 err=2311699968.0000 | row-ok=0.000 λ_row=19.04 constraint=2048.00 
step  2120 | loss=823710.500 | area=596521.00 err=1880454912.0000 | row-ok=0.000 λ_row=19.11 constraint=2048.00 
step  2130 | loss=818616.125 | area=595703.88 err=1836104320.0000 | row-ok=0.000 λ_row=19.19 constraint=2048.00 
step  2140 | loss=849118.562 | area=585080.88 err=2245773824.0000 | row-ok=0.000 λ_row=19.27 constraint=2048.00 
step  2150 | loss=818268.000 | area=598427.69 err=1802209792.0000 | row-ok=0.000 λ_row=19.35 constraint=2048.00 
step  2160 | loss=857091.375 | area=583446.56 err=2338657280.0000 | row-ok=0.000 λ_row=19.42 constraint=2048.00 
step  2170 | loss=822197.250 | area=600062.00 err=1821957248.0000 | row-ok=0.000 λ_row=19.50 constraint=2048.00 
step  2180 | loss=804478.625 | area=598427.69 err=1659504128.0000 | row-ok=0.000 λ_row=19.58 constraint=2048.00 
step  2190 | loss=843860.688 | area=582629.38 err=2209691648.0000 | row-ok=0.000 λ_row=19.66 constraint=2048.00 
step  2200 | loss=816998.812 | area=598427.69 err=1781466368.0000 | row-ok=0.000 λ_row=19.74 constraint=2048.00 
step  2210 | loss=817980.250 | area=597610.56 err=1797821696.0000 | row-ok=0.000 λ_row=19.82 constraint=2048.00 
step  2220 | loss=814955.625 | area=596793.38 err=1774110976.0000 | row-ok=0.000 λ_row=19.90 constraint=2048.00 
step  2230 | loss=811980.625 | area=596793.38 err=1742717952.0000 | row-ok=0.000 λ_row=19.98 constraint=2048.00 
step  2240 | loss=811832.375 | area=596793.38 err=1739586304.0000 | row-ok=0.000 λ_row=20.06 constraint=2048.00 
step  2250 | loss=844414.500 | area=581812.25 err=2213562880.0000 | row-ok=0.000 λ_row=20.14 constraint=2048.00 
step  2260 | loss=814824.562 | area=600062.00 err=1733502720.0000 | row-ok=0.000 λ_row=20.22 constraint=2048.00 
step  2270 | loss=808599.375 | area=594886.69 err=1929230848.0000 | row-ok=0.000 λ_row=20.30 constraint=1024.00 
step  2280 | loss=819227.438 | area=591345.75 err=1443878784.0000 | row-ok=0.000 λ_row=20.38 constraint=4096.00 
step  2290 | loss=819259.438 | area=592162.88 err=1432661376.0000 | row-ok=0.000 λ_row=20.47 constraint=4096.00 
step  2300 | loss=796946.188 | area=592980.00 err=1408398592.0000 | row-ok=0.000 λ_row=20.55 constraint=3072.00 
step  2310 | loss=803384.562 | area=592980.00 err=1470237568.0000 | row-ok=0.000 λ_row=20.63 constraint=3072.00 
step  2320 | loss=826282.688 | area=591345.75 err=1500885248.0000 | row-ok=0.000 λ_row=20.71 constraint=4096.00 
step  2330 | loss=798755.250 | area=594886.69 err=1825709440.0000 | row-ok=0.000 λ_row=20.80 constraint=1024.00 
step  2340 | loss=805736.875 | area=595703.81 err=1886496000.0000 | row-ok=0.000 λ_row=20.88 constraint=1024.00 
step  2350 | loss=829820.438 | area=591345.75 err=1525958784.0000 | row-ok=0.000 λ_row=20.97 constraint=4096.00 
step  2360 | loss=816654.438 | area=592980.06 err=1374492800.0000 | row-ok=0.000 λ_row=21.05 constraint=4096.00 
step  2370 | loss=930325.500 | area=582629.38 err=3044097536.0000 | row-ok=0.000 λ_row=21.14 constraint=2048.00 
step  2380 | loss=770463.250 | area=597610.56 err=1293918336.0000 | row-ok=0.000 λ_row=21.22 constraint=2048.00 
step  2390 | loss=750080.812 | area=599244.88 err=1290179072.0000 | row-ok=0.000 λ_row=21.31 constraint=1024.00 
step  2400 | loss=927975.062 | area=582629.38 err=3015336960.0000 | row-ok=0.000 λ_row=21.39 constraint=2048.00 
step  2410 | loss=778292.250 | area=597610.56 err=1366930176.0000 | row-ok=0.000 λ_row=21.48 constraint=2048.00 
step  2420 | loss=933832.438 | area=582629.38 err=3070370816.0000 | row-ok=0.000 λ_row=21.57 constraint=2048.00 
step  2430 | loss=772687.812 | area=597610.56 err=1307331840.0000 | row-ok=0.000 λ_row=21.65 constraint=2048.00 
step  2440 | loss=781283.125 | area=600879.12 err=1358811392.0000 | row-ok=0.000 λ_row=21.74 constraint=2048.00 
step  2450 | loss=790442.812 | area=600879.12 err=1448612992.0000 | row-ok=0.000 λ_row=21.83 constraint=2048.00 
step  2460 | loss=774146.062 | area=600879.12 err=1283843584.0000 | row-ok=0.000 λ_row=21.92 constraint=2048.00 
step  2470 | loss=780585.562 | area=597610.56 err=1379114112.0000 | row-ok=0.000 λ_row=22.00 constraint=2048.00 
step  2480 | loss=937017.875 | area=584263.69 err=3075089664.0000 | row-ok=0.000 λ_row=22.09 constraint=2048.00 
step  2490 | loss=902684.562 | area=584263.69 err=2957070336.0000 | row-ok=0.000 λ_row=22.18 constraint=1024.00 
step  2500 | loss=759024.000 | area=599244.88 err=1369737472.0000 | row-ok=0.000 λ_row=22.27 constraint=1024.00 
step  2510 | loss=755319.438 | area=599244.88 err=1331772416.0000 | row-ok=0.000 λ_row=22.36 constraint=1024.00 
step  2520 | loss=752499.938 | area=600062.00 err=1294483328.0000 | row-ok=0.000 λ_row=22.45 constraint=1024.00 
step  2530 | loss=779276.000 | area=597610.56 err=1355007488.0000 | row-ok=0.000 λ_row=22.54 constraint=2048.00 
step  2540 | loss=934503.312 | area=584263.69 err=3038887936.0000 | row-ok=0.000 λ_row=22.63 constraint=2048.00 
step  2550 | loss=769175.750 | area=597610.56 err=1250275072.0000 | row-ok=0.000 λ_row=22.72 constraint=2048.00 
step  2560 | loss=774043.625 | area=597610.56 err=1297077760.0000 | row-ok=0.000 λ_row=22.82 constraint=2048.00 
step  2570 | loss=785595.875 | area=597610.56 err=1410716160.0000 | row-ok=0.000 λ_row=22.91 constraint=2048.00 
step  2580 | loss=751560.562 | area=599244.88 err=1287642880.0000 | row-ok=0.000 λ_row=23.00 constraint=1024.00 
step  2590 | loss=776885.438 | area=597610.56 err=1319821056.0000 | row-ok=0.000 λ_row=23.09 constraint=2048.00 
step  2600 | loss=746545.062 | area=599244.88 err=1235585280.0000 | row-ok=0.000 λ_row=23.19 constraint=1024.00 
step  2610 | loss=755215.938 | area=599244.88 err=1321336576.0000 | row-ok=0.000 λ_row=23.28 constraint=1024.00 
step  2620 | loss=751168.438 | area=599244.88 err=1279900928.0000 | row-ok=0.000 λ_row=23.37 constraint=1024.00 
step  2630 | loss=763346.188 | area=599244.88 err=1400713344.0000 | row-ok=0.000 λ_row=23.47 constraint=1024.00 
step  2640 | loss=1048265.688 | area=594614.31 err=3812707328.0000 | row-ok=0.000 λ_row=23.56 constraint=3072.00 
step  2650 | loss=757089.875 | area=599244.88 err=1336208384.0000 | row-ok=0.000 λ_row=23.66 constraint=1024.00 
step  2660 | loss=774363.812 | area=600879.12 err=1248410368.0000 | row-ok=0.000 λ_row=23.75 constraint=2048.00 
step  2670 | loss=1044479.562 | area=594614.31 err=3766055936.0000 | row-ok=0.000 λ_row=23.85 constraint=3072.00 
step  2680 | loss=1045076.188 | area=594614.31 err=3769067776.0000 | row-ok=0.000 λ_row=23.94 constraint=3072.00 
step  2690 | loss=758792.125 | area=599244.88 err=1349300864.0000 | row-ok=0.000 λ_row=24.04 constraint=1024.00 
step  2700 | loss=797886.562 | area=594341.94 err=1541117440.0000 | row-ok=0.000 λ_row=24.14 constraint=2048.00 
step  2710 | loss=1013290.312 | area=598155.31 err=3406866944.0000 | row-ok=0.000 λ_row=24.23 constraint=3072.00 
step  2720 | loss=1036290.812 | area=599789.62 err=3368366592.0000 | row-ok=0.000 λ_row=24.33 constraint=4096.00 
step  2730 | loss=1038035.500 | area=592707.62 err=3202449152.0000 | row-ok=0.000 λ_row=24.43 constraint=5120.00 
step  2740 | loss=926674.688 | area=594614.31 err=2567080192.0000 | row-ok=0.000 λ_row=24.53 constraint=3072.00 
step  2750 | loss=933370.688 | area=594614.31 err=2631002112.0000 | row-ok=0.000 λ_row=24.63 constraint=3072.00 
step  2760 | loss=929269.750 | area=594614.31 err=2586942464.0000 | row-ok=0.000 λ_row=24.73 constraint=3072.00 
step  2770 | loss=934341.438 | area=594614.31 err=2634596608.0000 | row-ok=0.000 λ_row=24.83 constraint=3072.00 
step  2780 | loss=925825.375 | area=594614.31 err=2546361344.0000 | row-ok=0.000 λ_row=24.93 constraint=3072.00 
step  2790 | loss=932836.438 | area=594614.31 err=2613384704.0000 | row-ok=0.000 λ_row=25.03 constraint=3072.00 
step  2800 | loss=933248.625 | area=594614.31 err=2614406912.0000 | row-ok=0.000 λ_row=25.13 constraint=3072.00 
step  2810 | loss=927759.188 | area=594614.31 err=2556400128.0000 | row-ok=0.000 λ_row=25.23 constraint=3072.00 
step  2820 | loss=857315.250 | area=597610.56 err=2078264448.0000 | row-ok=0.000 λ_row=25.33 constraint=2048.00 
step  2830 | loss=931074.938 | area=594614.31 err=2583296000.0000 | row-ok=0.000 λ_row=25.43 constraint=3072.00 
step  2840 | loss=853133.938 | area=597610.56 err=2032259840.0000 | row-ok=0.000 λ_row=25.54 constraint=2048.00 
step  2850 | loss=930791.812 | area=594614.31 err=2574151168.0000 | row-ok=0.000 λ_row=25.64 constraint=3072.00 
step  2860 | loss=859727.625 | area=597610.56 err=2093971456.0000 | row-ok=0.000 λ_row=25.74 constraint=2048.00 
step  2870 | loss=938778.625 | area=594614.31 err=2647656448.0000 | row-ok=0.000 λ_row=25.85 constraint=3072.00 
step  2880 | loss=935724.500 | area=594614.31 err=2613913856.0000 | row-ok=0.000 λ_row=25.95 constraint=3072.00 
step  2890 | loss=932742.000 | area=594614.31 err=2580874752.0000 | row-ok=0.000 λ_row=26.05 constraint=3072.00 
step  2900 | loss=885921.562 | area=599244.88 err=2063137536.0000 | row-ok=0.000 λ_row=26.16 constraint=3072.00 
step  2910 | loss=885391.438 | area=599244.88 err=2054596608.0000 | row-ok=0.000 λ_row=26.27 constraint=3072.00 
step  2920 | loss=853157.312 | area=597610.56 err=2015385344.0000 | row-ok=0.000 λ_row=26.37 constraint=2048.00 
step  2930 | loss=815197.562 | area=595703.88 err=1110419072.0000 | row-ok=0.000 λ_row=26.48 constraint=4096.00 
step  2940 | loss=861929.250 | area=597610.56 err=2098741888.0000 | row-ok=0.000 λ_row=26.58 constraint=2048.00 
step  2950 | loss=823791.375 | area=595703.88 err=1187594496.0000 | row-ok=0.000 λ_row=26.69 constraint=4096.00 
step  2960 | loss=816600.375 | area=595703.88 err=1111276800.0000 | row-ok=0.000 λ_row=26.80 constraint=4096.00 
step  2970 | loss=853264.688 | area=597610.56 err=2005484288.0000 | row-ok=0.000 λ_row=26.91 constraint=2048.00 
step  2980 | loss=818575.500 | area=595703.88 err=1122158592.0000 | row-ok=0.000 λ_row=27.02 constraint=4096.00 
step  2990 | loss=858292.562 | area=597610.56 err=2051310720.0000 | row-ok=0.000 λ_row=27.12 constraint=2048.00 
step  3000 | loss=816426.625 | area=595703.88 err=1091729536.0000 | row-ok=0.000 λ_row=27.23 constraint=4096.00 
step  3010 | loss=818086.375 | area=595703.88 err=1103829760.0000 | row-ok=0.000 λ_row=27.34 constraint=4096.00 
step  3020 | loss=858898.938 | area=597610.56 err=2050628224.0000 | row-ok=0.000 λ_row=27.45 constraint=2048.00 
step  3030 | loss=819885.188 | area=595703.88 err=1112769024.0000 | row-ok=0.000 λ_row=27.56 constraint=4096.00 
step  3040 | loss=868513.312 | area=597610.56 err=2142229504.0000 | row-ok=0.000 λ_row=27.68 constraint=2048.00 
step  3050 | loss=854254.562 | area=597610.56 err=1997356800.0000 | row-ok=0.000 λ_row=27.79 constraint=2048.00 
step  3060 | loss=825241.812 | area=595703.88 err=1152624128.0000 | row-ok=0.000 λ_row=27.90 constraint=4096.00 
step  3070 | loss=859971.562 | area=597610.56 err=2049928704.0000 | row-ok=0.000 λ_row=28.01 constraint=2048.00 
step  3080 | loss=823356.938 | area=595703.88 err=1124541696.0000 | row-ok=0.000 λ_row=28.12 constraint=4096.00 
step  3090 | loss=819883.312 | area=595703.88 err=1085161600.0000 | row-ok=0.000 λ_row=28.24 constraint=4096.00 
step  3100 | loss=823949.250 | area=595703.88 err=1121157760.0000 | row-ok=0.000 λ_row=28.35 constraint=4096.00 
step  3110 | loss=894959.188 | area=601423.94 err=2060868736.0000 | row-ok=0.000 λ_row=28.47 constraint=3072.00 
step  3120 | loss=860494.562 | area=597610.56 err=2043500800.0000 | row-ok=0.000 λ_row=28.58 constraint=2048.00 
step  3130 | loss=870705.562 | area=597610.56 err=2143250432.0000 | row-ok=0.000 λ_row=28.70 constraint=2048.00 
step  3140 | loss=866935.875 | area=597610.56 err=2103184384.0000 | row-ok=0.000 λ_row=28.81 constraint=2048.00 
step  3150 | loss=871531.625 | area=597610.56 err=2146762752.0000 | row-ok=0.000 λ_row=28.93 constraint=2048.00 
step  3160 | loss=851848.500 | area=597610.56 err=1947542784.0000 | row-ok=0.000 λ_row=29.04 constraint=2048.00 
step  3170 | loss=860532.562 | area=597610.56 err=2031986048.0000 | row-ok=0.000 λ_row=29.16 constraint=2048.00 
step  3180 | loss=859048.438 | area=597610.56 err=2014736256.0000 | row-ok=0.000 λ_row=29.28 constraint=2048.00 
step  3190 | loss=873434.750 | area=597610.56 err=2156182016.0000 | row-ok=0.000 λ_row=29.40 constraint=2048.00 
step  3200 | loss=842925.625 | area=599517.25 err=922865024.0000 | row-ok=0.000 λ_row=29.52 constraint=5120.00 
step  3210 | loss=885011.562 | area=601423.94 err=1925489664.0000 | row-ok=0.000 λ_row=29.63 constraint=3072.00 
step  3220 | loss=849259.125 | area=599517.25 err=973990272.0000 | row-ok=0.000 λ_row=29.75 constraint=5120.00 
step  3230 | loss=867520.125 | area=597610.56 err=2087267456.0000 | row-ok=0.000 λ_row=29.87 constraint=2048.00 
step  3240 | loss=850297.438 | area=599517.25 err=972064256.0000 | row-ok=0.000 λ_row=29.99 constraint=5120.00 
step  3250 | loss=830242.062 | area=595703.88 err=1111838720.0000 | row-ok=0.000 λ_row=30.12 constraint=4096.00 
step  3260 | loss=872136.000 | area=594069.50 err=1542148608.0000 | row-ok=0.000 λ_row=30.24 constraint=4096.00 
step  3270 | loss=881279.375 | area=594069.50 err=1628588544.0000 | row-ok=0.000 λ_row=30.36 constraint=4096.00 
step  3280 | loss=837766.438 | area=599789.62 err=1443375872.0000 | row-ok=0.000 λ_row=30.48 constraint=3072.00 
step  3290 | loss=812821.250 | area=595976.25 err=1541671040.0000 | row-ok=0.000 λ_row=30.60 constraint=2048.00 
step  3300 | loss=820135.188 | area=595976.25 err=1612283776.0000 | row-ok=0.000 λ_row=30.73 constraint=2048.00 
step  3310 | loss=890634.125 | area=601423.88 err=1628417280.0000 | row-ok=0.000 λ_row=30.85 constraint=4096.00 
step  3320 | loss=927603.000 | area=599517.19 err=1377687424.0000 | row-ok=0.000 λ_row=30.98 constraint=6144.00 
step  3330 | loss=930809.125 | area=599517.19 err=1402076160.0000 | row-ok=0.000 λ_row=31.10 constraint=6144.00 
step  3340 | loss=892903.312 | area=597882.88 err=1351414656.0000 | row-ok=0.000 λ_row=31.23 constraint=5120.00 
step  3350 | loss=898912.750 | area=597882.88 err=1405063424.0000 | row-ok=0.000 λ_row=31.35 constraint=5120.00 
step  3360 | loss=850462.938 | area=599789.62 err=1539708800.0000 | row-ok=0.000 λ_row=31.48 constraint=3072.00 
step  3370 | loss=858251.062 | area=599789.62 err=1613691008.0000 | row-ok=0.000 λ_row=31.61 constraint=3072.00 
step  3380 | loss=849850.875 | area=599789.62 err=1525774848.0000 | row-ok=0.000 λ_row=31.73 constraint=3072.00 
step  3390 | loss=852652.500 | area=599789.62 err=1549861248.0000 | row-ok=0.000 λ_row=31.86 constraint=3072.00 
step  3400 | loss=851332.438 | area=599789.62 err=1532714368.0000 | row-ok=0.000 λ_row=31.99 constraint=3072.00 
step  3410 | loss=895172.312 | area=601423.88 err=1621916800.0000 | row-ok=0.000 λ_row=32.12 constraint=4096.00 
step  3420 | loss=901216.125 | area=594614.25 err=1414929152.0000 | row-ok=0.000 λ_row=32.25 constraint=5120.00 
step  3430 | loss=910702.938 | area=597882.94 err=1470453632.0000 | row-ok=0.000 λ_row=32.38 constraint=5120.00 
step  3440 | loss=912088.562 | area=597882.94 err=1477626112.0000 | row-ok=0.000 λ_row=32.51 constraint=5120.00 
step  3450 | loss=841811.812 | area=599789.62 err=1417537536.0000 | row-ok=0.000 λ_row=32.64 constraint=3072.00 
step  3460 | loss=892338.750 | area=601423.94 err=1566845696.0000 | row-ok=0.000 λ_row=32.77 constraint=4096.00 
step  3470 | loss=914929.500 | area=597882.94 err=1485822976.0000 | row-ok=0.000 λ_row=32.90 constraint=5120.00 
step  3480 | loss=910804.688 | area=597882.94 err=1437783296.0000 | row-ok=0.000 λ_row=33.04 constraint=5120.00 
step  3490 | loss=859249.188 | area=599789.62 err=1575643392.0000 | row-ok=0.000 λ_row=33.17 constraint=3072.00 
step  3500 | loss=875597.000 | area=601423.94 err=1377650176.0000 | row-ok=0.000 λ_row=33.30 constraint=4096.00 
step  3510 | loss=909218.125 | area=597882.94 err=1401376768.0000 | row-ok=0.000 λ_row=33.44 constraint=5120.00 
step  3520 | loss=911566.375 | area=597882.94 err=1417956608.0000 | row-ok=0.000 λ_row=33.57 constraint=5120.00 
step  3530 | loss=881463.375 | area=601423.94 err=1419748992.0000 | row-ok=0.000 λ_row=33.71 constraint=4096.00 
step  3540 | loss=844869.188 | area=599789.62 err=1411136512.0000 | row-ok=0.000 λ_row=33.84 constraint=3072.00 
step  3550 | loss=945164.000 | area=609867.75 err=1265260928.0000 | row-ok=0.000 λ_row=33.98 constraint=6144.00 
step  3560 | loss=1023856.250 | area=615587.81 err=1287860096.0000 | row-ok=0.000 λ_row=34.12 constraint=8192.00 
step  3570 | loss=877438.750 | area=601151.56 err=658302592.0000 | row-ok=0.000 λ_row=34.25 constraint=6144.00 
step  3580 | loss=911722.750 | area=602785.81 err=624139648.0000 | row-ok=0.000 λ_row=34.39 constraint=7168.00 
step  3590 | loss=877026.688 | area=601151.56 err=637177472.0000 | row-ok=0.000 λ_row=34.53 constraint=6144.00 
step  3600 | loss=877260.750 | area=597882.88 err=663651456.0000 | row-ok=0.000 λ_row=34.67 constraint=6144.00 
step  3610 | loss=881017.125 | area=601151.56 err=659940480.0000 | row-ok=0.000 λ_row=34.81 constraint=6144.00 
step  3620 | loss=878759.250 | area=601151.56 err=628739392.0000 | row-ok=0.000 λ_row=34.95 constraint=6144.00 
step  3630 | loss=915617.750 | area=602785.81 err=612992128.0000 | row-ok=0.000 λ_row=35.09 constraint=7168.00 
step  3640 | loss=882701.875 | area=601151.56 err=650815360.0000 | row-ok=0.000 λ_row=35.23 constraint=6144.00 
step  3650 | loss=929027.875 | area=596793.38 err=1511166080.0000 | row-ok=0.000 λ_row=35.37 constraint=5120.00 
step  3660 | loss=886143.250 | area=597882.88 err=700426304.0000 | row-ok=0.000 λ_row=35.52 constraint=6144.00 
step  3670 | loss=885768.938 | area=601151.56 err=655198464.0000 | row-ok=0.000 λ_row=35.66 constraint=6144.00 
step  3680 | loss=939381.000 | area=600062.00 err=1560016256.0000 | row-ok=0.000 λ_row=35.80 constraint=5120.00 
step  3690 | loss=941512.875 | area=598427.69 err=1590287104.0000 | row-ok=0.000 λ_row=35.95 constraint=5120.00 
step  3700 | loss=1026125.438 | area=603058.19 err=2752284416.0000 | row-ok=0.000 λ_row=36.09 constraint=4096.00 
step  3710 | loss=1026157.500 | area=599789.56 err=2779330304.0000 | row-ok=0.000 λ_row=36.24 constraint=4096.00 
step  3720 | loss=942644.438 | area=595159.06 err=1611937664.0000 | row-ok=0.000 λ_row=36.39 constraint=5120.00 
step  3730 | loss=977370.875 | area=601696.25 err=1512233728.0000 | row-ok=0.000 λ_row=36.53 constraint=6144.00 
step  3740 | loss=1021508.062 | area=603058.19 err=2682124800.0000 | row-ok=0.000 λ_row=36.68 constraint=4096.00 
step  3750 | loss=945689.000 | area=600062.00 err=1570730496.0000 | row-ok=0.000 λ_row=36.83 constraint=5120.00 
step  3760 | loss=944013.375 | area=600062.00 err=1546372224.0000 | row-ok=0.000 λ_row=36.98 constraint=5120.00 
step  3770 | loss=898994.750 | area=601151.56 err=697502976.0000 | row-ok=0.000 λ_row=37.12 constraint=6144.00 
step  3780 | loss=890321.688 | area=601423.94 err=1743915264.0000 | row-ok=0.000 λ_row=37.27 constraint=3072.00 
step  3790 | loss=857184.625 | area=603603.00 err=619684288.0000 | row-ok=0.000 λ_row=37.42 constraint=5120.00 
step  3800 | loss=854364.938 | area=603603.00 err=583762304.0000 | row-ok=0.000 λ_row=37.58 constraint=5120.00 
step  3810 | loss=861173.250 | area=603603.00 err=644089472.0000 | row-ok=0.000 λ_row=37.73 constraint=5120.00 
step  3820 | loss=893126.812 | area=601423.94 err=1753388032.0000 | row-ok=0.000 λ_row=37.88 constraint=3072.00 
step  3830 | loss=902669.625 | area=605237.31 err=637659264.0000 | row-ok=0.000 λ_row=38.03 constraint=6144.00 
step  3840 | loss=895430.938 | area=599789.62 err=1783370880.0000 | row-ok=0.000 λ_row=38.18 constraint=3072.00 
step  3850 | loss=1040075.062 | area=599789.56 err=2832492544.0000 | row-ok=0.000 λ_row=38.34 constraint=4096.00 
step  3860 | loss=1027998.750 | area=603058.19 err=2672712192.0000 | row-ok=0.000 λ_row=38.49 constraint=4096.00 
step  3870 | loss=931690.125 | area=599244.81 err=1741402624.0000 | row-ok=0.000 λ_row=38.65 constraint=4096.00 
step  3880 | loss=984664.250 | area=601968.62 err=2634882048.0000 | row-ok=0.000 λ_row=38.80 constraint=3072.00 
step  3890 | loss=874263.188 | area=603603.00 err=711800704.0000 | row-ok=0.000 λ_row=38.96 constraint=5120.00 
step  3900 | loss=894815.375 | area=601423.94 err=1732208128.0000 | row-ok=0.000 λ_row=39.12 constraint=3072.00 
step  3910 | loss=915735.312 | area=598972.44 err=1558893824.0000 | row-ok=0.000 λ_row=39.28 constraint=4096.00 
step  3920 | loss=824567.125 | area=610140.19 err=932853760.0000 | row-ok=0.000 λ_row=39.43 constraint=3072.00 
step  3930 | loss=829569.188 | area=610140.19 err=977990784.0000 | row-ok=0.000 λ_row=39.59 constraint=3072.00 
step  3940 | loss=957721.062 | area=600062.00 err=1541251840.0000 | row-ok=0.000 λ_row=39.75 constraint=5120.00 
step  3950 | loss=865373.938 | area=607961.12 err=939292544.0000 | row-ok=0.000 λ_row=39.91 constraint=4096.00 
step  3960 | loss=913637.312 | area=598972.44 err=1505222144.0000 | row-ok=0.000 λ_row=40.07 constraint=4096.00 
step  3970 | loss=831578.250 | area=608505.88 err=994690176.0000 | row-ok=0.000 λ_row=40.24 constraint=3072.00 
step  3980 | loss=916895.000 | area=598972.44 err=1524536320.0000 | row-ok=0.000 λ_row=40.40 constraint=4096.00 
step  3990 | loss=863957.812 | area=609867.75 err=1294880768.0000 | row-ok=0.000 λ_row=40.56 constraint=3072.00 
step  4000 | loss=921211.750 | area=610957.31 err=1434486272.0000 | row-ok=0.000 λ_row=40.72 constraint=4096.00 
step  4010 | loss=866515.750 | area=609867.75 err=1310392832.0000 | row-ok=0.000 λ_row=40.89 constraint=3072.00 
step  4020 | loss=877095.062 | area=609867.75 err=1411121408.0000 | row-ok=0.000 λ_row=41.05 constraint=3072.00 
step  4030 | loss=1021011.375 | area=604692.50 err=1208636928.0000 | row-ok=0.000 λ_row=41.22 constraint=7168.00 
step  4040 | loss=820482.625 | area=603875.38 err=894731136.0000 | row-ok=0.000 λ_row=41.38 constraint=3072.00 
step  4050 | loss=830131.875 | area=603875.38 err=986097280.0000 | row-ok=0.000 λ_row=41.55 constraint=3072.00 
step  4060 | loss=912566.500 | area=606599.19 err=923650816.0000 | row-ok=0.000 λ_row=41.72 constraint=5120.00 
step  4070 | loss=933947.125 | area=601968.69 err=1175150080.0000 | row-ok=0.000 λ_row=41.89 constraint=5120.00 
step  4080 | loss=823739.062 | area=603875.38 err=906668352.0000 | row-ok=0.000 λ_row=42.06 constraint=3072.00 
step  4090 | loss=943592.125 | area=610957.31 err=731993984.0000 | row-ok=0.000 λ_row=42.23 constraint=6144.00 
step  4100 | loss=877715.875 | area=609867.75 err=1376074496.0000 | row-ok=0.000 λ_row=42.40 constraint=3072.00 
step  4110 | loss=884353.312 | area=604964.88 err=1050340352.0000 | row-ok=0.000 λ_row=42.57 constraint=4096.00 
step  4120 | loss=943984.438 | area=601968.69 err=1231940352.0000 | row-ok=0.000 λ_row=42.74 constraint=5120.00 
step  4130 | loss=916397.375 | area=606599.19 err=900942592.0000 | row-ok=0.000 λ_row=42.91 constraint=5120.00 
step  4140 | loss=917144.312 | area=610140.19 err=1305323520.0000 | row-ok=0.000 λ_row=43.08 constraint=4096.00 
step  4150 | loss=955748.312 | area=609050.62 err=809228288.0000 | row-ok=0.000 λ_row=43.26 constraint=6144.00 
step  4160 | loss=936263.125 | area=610957.31 err=1474082560.0000 | row-ok=0.000 λ_row=43.43 constraint=4096.00 
step  4170 | loss=949097.125 | area=605782.00 err=753928640.0000 | row-ok=0.000 λ_row=43.61 constraint=6144.00 
step  4180 | loss=908295.062 | area=607961.06 err=761653120.0000 | row-ok=0.000 λ_row=43.78 constraint=5120.00 
step  4190 | loss=925970.125 | area=610957.31 err=1349548928.0000 | row-ok=0.000 λ_row=43.96 constraint=4096.00 
step  4200 | loss=910463.938 | area=607961.06 err=765230208.0000 | row-ok=0.000 λ_row=44.14 constraint=5120.00 
step  4210 | loss=912417.375 | area=607961.06 err=775653632.0000 | row-ok=0.000 λ_row=44.31 constraint=5120.00 
step  4220 | loss=910840.625 | area=607961.06 err=750738432.0000 | row-ok=0.000 λ_row=44.49 constraint=5120.00 
step  4230 | loss=917982.562 | area=607961.06 err=812973184.0000 | row-ok=0.000 λ_row=44.67 constraint=5120.00 
step  4240 | loss=929015.438 | area=610957.31 err=1343410816.0000 | row-ok=0.000 λ_row=44.85 constraint=4096.00 
step  4250 | loss=915466.812 | area=607961.06 err=769335808.0000 | row-ok=0.000 λ_row=45.03 constraint=5120.00 
step  4260 | loss=912679.625 | area=606326.75 err=748510400.0000 | row-ok=0.000 λ_row=45.22 constraint=5120.00 
step  4270 | loss=887156.438 | area=609867.75 err=1378276608.0000 | row-ok=0.000 λ_row=45.40 constraint=3072.00 
step  4280 | loss=915910.125 | area=607961.06 err=745767808.0000 | row-ok=0.000 λ_row=45.58 constraint=5120.00 
step  4290 | loss=966936.000 | area=609050.62 err=767096192.0000 | row-ok=0.000 λ_row=45.76 constraint=6144.00 
step  4300 | loss=920165.750 | area=607961.06 err=769468736.0000 | row-ok=0.000 λ_row=45.95 constraint=5120.00 
step  4310 | loss=969883.062 | area=609050.62 err=773848704.0000 | row-ok=0.000 λ_row=46.13 constraint=6144.00 
step  4320 | loss=889603.000 | area=609867.75 err=1374400512.0000 | row-ok=0.000 λ_row=46.32 constraint=3072.00 
step  4330 | loss=970046.250 | area=605782.00 err=785265024.0000 | row-ok=0.000 λ_row=46.51 constraint=6144.00 
step  4340 | loss=976695.875 | area=609050.62 err=807555328.0000 | row-ok=0.000 λ_row=46.69 constraint=6144.00 
step  4350 | loss=972031.312 | area=605509.62 err=784753024.0000 | row-ok=0.000 λ_row=46.88 constraint=6144.00 
step  4360 | loss=929320.000 | area=607961.06 err=803524992.0000 | row-ok=0.000 λ_row=47.07 constraint=5120.00 
step  4370 | loss=927323.188 | area=607961.06 err=773840960.0000 | row-ok=0.000 λ_row=47.26 constraint=5120.00 
step  4380 | loss=949214.250 | area=610957.31 err=1438939904.0000 | row-ok=0.000 λ_row=47.45 constraint=4096.00 
step  4390 | loss=979845.625 | area=609050.62 err=780751872.0000 | row-ok=0.000 λ_row=47.64 constraint=6144.00 
step  4400 | loss=947579.625 | area=605509.62 err=971533440.0000 | row-ok=0.000 λ_row=47.84 constraint=5120.00 
step  4410 | loss=957497.625 | area=608778.25 err=1028153024.0000 | row-ok=0.000 λ_row=48.03 constraint=5120.00 
step  4420 | loss=901077.250 | area=609867.75 err=1430721792.0000 | row-ok=0.000 λ_row=48.22 constraint=3072.00 
step  4430 | loss=906713.250 | area=609867.75 err=1481109248.0000 | row-ok=0.000 λ_row=48.42 constraint=3072.00 
step  4440 | loss=904674.875 | area=607688.69 err=978739136.0000 | row-ok=0.000 λ_row=48.61 constraint=4096.00 
step  4450 | loss=907688.875 | area=607688.69 err=1000852160.0000 | row-ok=0.000 λ_row=48.81 constraint=4096.00 
step  4460 | loss=906281.250 | area=607688.69 err=978715520.0000 | row-ok=0.000 λ_row=49.00 constraint=4096.00 
step  4470 | loss=908770.625 | area=607688.69 err=995517056.0000 | row-ok=0.000 λ_row=49.20 constraint=4096.00 
step  4480 | loss=1007227.938 | area=612591.56 err=1417079040.0000 | row-ok=0.000 λ_row=49.40 constraint=5120.00 
step  4490 | loss=903489.125 | area=609867.75 err=1412524544.0000 | row-ok=0.000 λ_row=49.60 constraint=3072.00 
step  4500 | loss=957769.875 | area=610957.31 err=1428349056.0000 | row-ok=0.000 λ_row=49.80 constraint=4096.00 
step  4510 | loss=908029.875 | area=609867.75 err=1445621120.0000 | row-ok=0.000 λ_row=50.00 constraint=3072.00 
step  4520 | loss=960636.125 | area=610957.31 err=1448787968.0000 | row-ok=0.000 λ_row=50.00 constraint=4096.00 
step  4530 | loss=962538.000 | area=610957.31 err=1467806848.0000 | row-ok=0.000 λ_row=50.00 constraint=4096.00 
step  4540 | loss=1017519.688 | area=610412.50 err=999071744.0000 | row-ok=0.000 λ_row=50.00 constraint=6144.00 
step  4550 | loss=911423.625 | area=607688.69 err=989349632.0000 | row-ok=0.000 λ_row=50.00 constraint=4096.00 
step  4560 | loss=1017514.125 | area=610412.50 err=999016128.0000 | row-ok=0.000 λ_row=50.00 constraint=6144.00 
step  4570 | loss=912783.750 | area=607688.69 err=1002950336.0000 | row-ok=0.000 λ_row=50.00 constraint=4096.00 
step  4580 | loss=911939.938 | area=607688.69 err=994512512.0000 | row-ok=0.000 λ_row=50.00 constraint=4096.00 
step  4590 | loss=963459.875 | area=609050.62 err=984092352.0000 | row-ok=0.000 λ_row=50.00 constraint=5120.00 
step  4600 | loss=953937.250 | area=607416.25 err=1417209856.0000 | row-ok=0.000 λ_row=50.00 constraint=4096.00 
step  4610 | loss=966951.375 | area=608778.25 err=1021731456.0000 | row-ok=0.000 λ_row=50.00 constraint=5120.00 
step  4620 | loss=961244.312 | area=609050.62 err=961936640.0000 | row-ok=0.000 λ_row=50.00 constraint=5120.00 
step  4630 | loss=950915.438 | area=610957.31 err=1351581056.0000 | row-ok=0.000 λ_row=50.00 constraint=4096.00 
step  4640 | loss=915527.875 | area=606054.38 err=1046734784.0000 | row-ok=0.000 λ_row=50.00 constraint=4096.00 
step  4650 | loss=1069217.875 | area=613408.75 err=974091392.0000 | row-ok=0.000 λ_row=50.00 constraint=7168.00 
step  4660 | loss=963310.750 | area=610684.94 err=966258176.0000 | row-ok=0.000 λ_row=50.00 constraint=5120.00 
step  4670 | loss=893047.062 | area=608233.44 err=1312136192.0000 | row-ok=0.000 λ_row=50.00 constraint=3072.00 
step  4680 | loss=965296.875 | area=610684.94 err=986119360.0000 | row-ok=0.000 λ_row=50.00 constraint=5120.00 
step  4690 | loss=1012456.188 | area=608505.88 err=967503232.0000 | row-ok=0.000 λ_row=50.00 constraint=6144.00 
step  4700 | loss=898769.000 | area=609867.75 err=1353012224.0000 | row-ok=0.000 λ_row=50.00 constraint=3072.00 
step  4710 | loss=907245.625 | area=609867.75 err=1437778432.0000 | row-ok=0.000 λ_row=50.00 constraint=3072.00 
step  4720 | loss=913279.875 | area=607688.69 err=1007911808.0000 | row-ok=0.000 λ_row=50.00 constraint=4096.00 
step  4730 | loss=959094.562 | area=610684.94 err=924096320.0000 | row-ok=0.000 λ_row=50.00 constraint=5120.00 
step  4740 | loss=963961.438 | area=610957.31 err=1482041472.0000 | row-ok=0.000 λ_row=50.00 constraint=4096.00 
step  4750 | loss=916632.125 | area=610412.56 err=1014195712.0000 | row-ok=0.000 λ_row=50.00 constraint=4096.00 
step  4760 | loss=1026821.500 | area=613136.38 err=1064851328.0000 | row-ok=0.000 λ_row=50.00 constraint=6144.00 
step  4770 | loss=1028920.500 | area=613136.38 err=1085841280.0000 | row-ok=0.000 λ_row=50.00 constraint=6144.00 
step  4780 | loss=1054607.125 | area=612864.00 err=1345431552.0000 | row-ok=0.000 λ_row=50.00 constraint=6144.00 
step  4790 | loss=944060.562 | area=610140.19 err=1291203840.0000 | row-ok=0.000 λ_row=50.00 constraint=4096.00 
step  4800 | loss=915413.375 | area=608778.25 err=1018351360.0000 | row-ok=0.000 λ_row=50.00 constraint=4096.00 
step  4810 | loss=922190.188 | area=610412.56 err=1069776384.0000 | row-ok=0.000 λ_row=50.00 constraint=4096.00 
step  4820 | loss=949552.500 | area=610140.19 err=1346123264.0000 | row-ok=0.000 λ_row=50.00 constraint=4096.00 
step  4830 | loss=920531.875 | area=610412.56 err=1053193088.0000 | row-ok=0.000 λ_row=50.00 constraint=4096.00 
step  4840 | loss=919556.875 | area=610412.56 err=1043442816.0000 | row-ok=0.000 λ_row=50.00 constraint=4096.00 
step  4850 | loss=938418.312 | area=608505.88 err=1251124608.0000 | row-ok=0.000 λ_row=50.00 constraint=4096.00 
step  4860 | loss=920121.688 | area=610412.56 err=1049091008.0000 | row-ok=0.000 λ_row=50.00 constraint=4096.00 
step  4870 | loss=1004542.000 | area=609595.38 err=1389466112.0000 | row-ok=0.000 λ_row=50.00 constraint=5120.00 
step  4880 | loss=967293.000 | area=607961.06 err=1033319232.0000 | row-ok=0.000 λ_row=50.00 constraint=5120.00 
step  4890 | loss=918602.250 | area=608778.25 err=1050240000.0000 | row-ok=0.000 λ_row=50.00 constraint=4096.00 
step  4900 | loss=975276.625 | area=613953.50 err=1053231488.0000 | row-ok=0.000 λ_row=50.00 constraint=5120.00 
step  4910 | loss=921625.125 | area=611229.69 err=1055954496.0000 | row-ok=0.000 λ_row=50.00 constraint=4096.00 
step  4920 | loss=918596.562 | area=610412.56 err=1033840000.0000 | row-ok=0.000 λ_row=50.00 constraint=4096.00 
step  4930 | loss=920953.188 | area=608778.25 err=1073749504.0000 | row-ok=0.000 λ_row=50.00 constraint=4096.00 
step  4940 | loss=919512.188 | area=610412.56 err=1042996352.0000 | row-ok=0.000 λ_row=50.00 constraint=4096.00 
step  4950 | loss=923818.125 | area=612864.00 err=1061541504.0000 | row-ok=0.000 λ_row=50.00 constraint=4096.00 
step  4960 | loss=1047791.875 | area=607961.06 err=2862308608.0000 | row-ok=0.000 λ_row=50.00 constraint=3072.00 
step  4970 | loss=966083.375 | area=611774.44 err=983089088.0000 | row-ok=0.000 λ_row=50.00 constraint=5120.00 
step  4980 | loss=1024630.875 | area=615587.81 err=1018430528.0000 | row-ok=0.000 λ_row=50.00 constraint=6144.00 
step  4990 | loss=1014344.562 | area=610957.31 err=961872384.0000 | row-ok=0.000 λ_row=50.00 constraint=6144.00 
step  5000 | loss=1074524.500 | area=616132.62 err=999918528.0000 | row-ok=0.000 λ_row=50.00 constraint=7168.00 
step  5010 | loss=1083370.250 | area=608233.50 err=2703368192.0000 | row-ok=0.000 λ_row=50.00 constraint=4096.00 
step  5020 | loss=1191856.500 | area=610957.38 err=2736991488.0000 | row-ok=0.000 λ_row=50.00 constraint=6144.00 
step  5030 | loss=1020891.688 | area=610412.56 err=1032791488.0000 | row-ok=0.000 λ_row=50.00 constraint=6144.00 
step  5040 | loss=968232.375 | area=611774.44 err=1004579712.0000 | row-ok=0.000 λ_row=50.00 constraint=5120.00 
step  5050 | loss=1085471.625 | area=608233.50 err=2724381696.0000 | row-ok=0.000 λ_row=50.00 constraint=4096.00 
step  5060 | loss=929651.812 | area=612864.00 err=1119878144.0000 | row-ok=0.000 λ_row=50.00 constraint=4096.00 
step  5070 | loss=970481.562 | area=608778.25 err=1057033280.0000 | row-ok=0.000 λ_row=50.00 constraint=5120.00 
step  5080 | loss=962229.375 | area=608778.25 err=974511232.0000 | row-ok=0.000 λ_row=50.00 constraint=5120.00 
step  5090 | loss=1093282.750 | area=608233.50 err=2802491904.0000 | row-ok=0.000 λ_row=50.00 constraint=4096.00 
step  5100 | loss=912710.000 | area=607688.75 err=1002212224.0000 | row-ok=0.000 λ_row=50.00 constraint=4096.00 
step  5110 | loss=1131649.000 | area=609323.06 err=2663259392.0000 | row-ok=0.000 λ_row=50.00 constraint=5120.00 
step  5120 | loss=912957.938 | area=607688.75 err=1004691968.0000 | row-ok=0.000 λ_row=50.00 constraint=4096.00 
step  5130 | loss=912772.500 | area=607688.75 err=1002837632.0000 | row-ok=0.000 λ_row=50.00 constraint=4096.00 
step  5140 | loss=919661.750 | area=612864.00 err=1019977664.0000 | row-ok=0.000 λ_row=50.00 constraint=4096.00 
step  5150 | loss=1072316.250 | area=606599.19 err=2609171456.0000 | row-ok=0.000 λ_row=50.00 constraint=4096.00 
step  5160 | loss=916156.500 | area=606054.44 err=1053020800.0000 | row-ok=0.000 λ_row=50.00 constraint=4096.00 
step  5170 | loss=910979.312 | area=606054.44 err=1001248512.0000 | row-ok=0.000 λ_row=50.00 constraint=4096.00 
step  5180 | loss=1139192.625 | area=606054.44 err=2771382272.0000 | row-ok=0.000 λ_row=50.00 constraint=5120.00 
step  5190 | loss=959659.938 | area=605237.25 err=984226944.0000 | row-ok=0.000 λ_row=50.00 constraint=5120.00 
step  5200 | loss=971815.875 | area=608778.25 err=1070375936.0000 | row-ok=0.000 λ_row=50.00 constraint=5120.00 
step  5210 | loss=969177.875 | area=608778.25 err=1043996288.0000 | row-ok=0.000 λ_row=50.00 constraint=5120.00 
step  5220 | loss=969799.812 | area=612319.19 err=1014806272.0000 | row-ok=0.000 λ_row=50.00 constraint=5120.00 
step  5230 | loss=916722.250 | area=607688.75 err=1042334976.0000 | row-ok=0.000 λ_row=50.00 constraint=4096.00 
step  5240 | loss=972886.938 | area=613953.50 err=1029334400.0000 | row-ok=0.000 λ_row=50.00 constraint=5120.00 
step  5250 | loss=913152.500 | area=607688.75 err=1006637440.0000 | row-ok=0.000 λ_row=50.00 constraint=4096.00 
step  5260 | loss=914591.688 | area=606054.44 err=1037372672.0000 | row-ok=0.000 λ_row=50.00 constraint=4096.00 
step  5270 | loss=1085810.125 | area=608233.50 err=2727766272.0000 | row-ok=0.000 λ_row=50.00 constraint=4096.00 
step  5280 | loss=921826.562 | area=612864.00 err=1041625856.0000 | row-ok=0.000 λ_row=50.00 constraint=4096.00 
step  5290 | loss=967406.375 | area=608778.25 err=1026281472.0000 | row-ok=0.000 λ_row=50.00 constraint=5120.00 
step  5300 | loss=964435.812 | area=605237.25 err=1031985408.0000 | row-ok=0.000 λ_row=50.00 constraint=5120.00 
step  5310 | loss=964832.250 | area=605509.69 err=1033225472.0000 | row-ok=0.000 λ_row=50.00 constraint=5120.00 
step  5320 | loss=920149.750 | area=612864.00 err=1024857344.0000 | row-ok=0.000 λ_row=50.00 constraint=4096.00 
step  5330 | loss=1134234.000 | area=609323.06 err=2689109504.0000 | row-ok=0.000 λ_row=50.00 constraint=5120.00 
step  5340 | loss=965098.062 | area=608778.25 err=1003198144.0000 | row-ok=0.000 λ_row=50.00 constraint=5120.00 
step  5350 | loss=965587.625 | area=608778.25 err=1008094080.0000 | row-ok=0.000 λ_row=50.00 constraint=5120.00 
step  5360 | loss=914974.000 | area=606054.44 err=1041195456.0000 | row-ok=0.000 λ_row=50.00 constraint=4096.00 
step  5370 | loss=1143467.250 | area=609323.06 err=2781442560.0000 | row-ok=0.000 λ_row=50.00 constraint=5120.00 
step  5380 | loss=913651.688 | area=607688.75 err=1011629632.0000 | row-ok=0.000 λ_row=50.00 constraint=4096.00 
step  5390 | loss=1025578.250 | area=610412.56 err=1079656960.0000 | row-ok=0.000 λ_row=50.00 constraint=6144.00 
step  5400 | loss=915702.688 | area=607688.75 err=1032139264.0000 | row-ok=0.000 λ_row=50.00 constraint=4096.00 
step  5410 | loss=914587.000 | area=607688.75 err=1020982784.0000 | row-ok=0.000 λ_row=50.00 constraint=4096.00 
step  5420 | loss=1018327.938 | area=610412.56 err=1007153664.0000 | row-ok=0.000 λ_row=50.00 constraint=6144.00 
step  5430 | loss=1094558.000 | area=608233.50 err=2815245568.0000 | row-ok=0.000 λ_row=50.00 constraint=4096.00 
step  5440 | loss=967891.812 | area=609050.62 err=1028411776.0000 | row-ok=0.000 λ_row=50.00 constraint=5120.00 
step  5450 | loss=915099.750 | area=607688.75 err=1026109952.0000 | row-ok=0.000 λ_row=50.00 constraint=4096.00 
step  5460 | loss=969437.562 | area=608778.25 err=1046593024.0000 | row-ok=0.000 λ_row=50.00 constraint=5120.00 
step  5470 | loss=966605.812 | area=608778.25 err=1018275712.0000 | row-ok=0.000 λ_row=50.00 constraint=5120.00 
step  5480 | loss=968512.312 | area=608778.25 err=1037340416.0000 | row-ok=0.000 λ_row=50.00 constraint=5120.00 
step  5490 | loss=923214.188 | area=612864.00 err=1055501952.0000 | row-ok=0.000 λ_row=50.00 constraint=4096.00 
step  5500 | loss=1139618.250 | area=605782.06 err=2778361856.0000 | row-ok=0.000 λ_row=50.00 constraint=5120.00 
step  5510 | loss=913198.750 | area=612864.00 err=955347328.0000 | row-ok=0.000 λ_row=50.00 constraint=4096.00 
step  5520 | loss=915514.750 | area=607688.75 err=1030260096.0000 | row-ok=0.000 λ_row=50.00 constraint=4096.00 
step  5530 | loss=923695.562 | area=612864.00 err=1060315520.0000 | row-ok=0.000 λ_row=50.00 constraint=4096.00 
step  5540 | loss=910604.500 | area=606054.44 err=997500352.0000 | row-ok=0.000 λ_row=50.00 constraint=4096.00 
step  5550 | loss=914297.062 | area=611229.69 err=982673664.0000 | row-ok=0.000 λ_row=50.00 constraint=4096.00 
step  5560 | loss=914861.375 | area=607688.75 err=1023726208.0000 | row-ok=0.000 λ_row=50.00 constraint=4096.00 
step  5570 | loss=1132668.875 | area=606054.44 err=2706144256.0000 | row-ok=0.000 λ_row=50.00 constraint=5120.00 
step  5580 | loss=921312.500 | area=612864.00 err=1036485184.0000 | row-ok=0.000 λ_row=50.00 constraint=4096.00 
step  5590 | loss=966800.125 | area=608778.25 err=1020218496.0000 | row-ok=0.000 λ_row=50.00 constraint=5120.00 
step  5600 | loss=1027860.500 | area=615587.81 err=1050726656.0000 | row-ok=0.000 λ_row=50.00 constraint=6144.00 
step  5610 | loss=914489.000 | area=607688.75 err=1020002176.0000 | row-ok=0.000 λ_row=50.00 constraint=4096.00 
step  5620 | loss=1083812.750 | area=608233.50 err=2707792384.0000 | row-ok=0.000 λ_row=50.00 constraint=4096.00 
step  5630 | loss=918257.562 | area=611229.69 err=1022278912.0000 | row-ok=0.000 λ_row=50.00 constraint=4096.00 
step  5640 | loss=913967.312 | area=607688.75 err=1014785664.0000 | row-ok=0.000 λ_row=50.00 constraint=4096.00 
step  5650 | loss=913654.625 | area=607688.75 err=1011659008.0000 | row-ok=0.000 λ_row=50.00 constraint=4096.00 
step  5660 | loss=916423.000 | area=607688.75 err=1039342592.0000 | row-ok=0.000 λ_row=50.00 constraint=4096.00 
step  5670 | loss=919337.188 | area=611229.69 err=1033074880.0000 | row-ok=0.000 λ_row=50.00 constraint=4096.00 
step  5680 | loss=1084981.375 | area=606599.19 err=2735821824.0000 | row-ok=0.000 λ_row=50.00 constraint=4096.00 
step  5690 | loss=913789.812 | area=607688.75 err=1013010560.0000 | row-ok=0.000 λ_row=50.00 constraint=4096.00 
step  5700 | loss=1014910.812 | area=606326.81 err=1013840128.0000 | row-ok=0.000 λ_row=50.00 constraint=6144.00 
step  5710 | loss=915649.688 | area=606054.44 err=1047952640.0000 | row-ok=0.000 λ_row=50.00 constraint=4096.00 
step  5720 | loss=972412.250 | area=613953.50 err=1024587392.0000 | row-ok=0.000 λ_row=50.00 constraint=5120.00 
step  5730 | loss=962814.250 | area=608778.25 err=980360320.0000 | row-ok=0.000 λ_row=50.00 constraint=5120.00 
step  5740 | loss=913991.000 | area=607688.75 err=1015022592.0000 | row-ok=0.000 λ_row=50.00 constraint=4096.00 
step  5750 | loss=912618.500 | area=607688.75 err=1001297792.0000 | row-ok=0.000 λ_row=50.00 constraint=4096.00 
step  5760 | loss=912147.125 | area=607688.75 err=996583872.0000 | row-ok=0.000 λ_row=50.00 constraint=4096.00 
step  5770 | loss=867353.938 | area=612864.00 err=1008899328.0000 | row-ok=0.000 λ_row=50.00 constraint=3072.00 
step  5780 | loss=963179.125 | area=603875.38 err=1033037376.0000 | row-ok=0.000 λ_row=50.00 constraint=5120.00 
step  5790 | loss=867695.438 | area=612864.00 err=1012314304.0000 | row-ok=0.000 λ_row=50.00 constraint=3072.00 
step  5800 | loss=911860.500 | area=605782.00 err=1012784704.0000 | row-ok=0.000 λ_row=50.00 constraint=4096.00 
step  5810 | loss=868214.750 | area=612864.00 err=1017507840.0000 | row-ok=0.000 λ_row=50.00 constraint=3072.00 
step  5820 | loss=868177.750 | area=611502.12 err=1030756032.0000 | row-ok=0.000 λ_row=50.00 constraint=3072.00 
step  5830 | loss=919388.438 | area=614225.94 err=1003624832.0000 | row-ok=0.000 λ_row=50.00 constraint=4096.00 
step  5840 | loss=865973.188 | area=611502.12 err=1008710656.0000 | row-ok=0.000 λ_row=50.00 constraint=3072.00 
step  5850 | loss=1113720.625 | area=615043.06 err=2426775552.0000 | row-ok=0.000 λ_row=50.00 constraint=5120.00 
step  5860 | loss=865894.625 | area=611502.12 err=1007925376.0000 | row-ok=0.000 λ_row=50.00 constraint=3072.00 
step  5870 | loss=865184.688 | area=613136.44 err=984482688.0000 | row-ok=0.000 λ_row=50.00 constraint=3072.00 
step  5880 | loss=919295.750 | area=610684.94 err=1038107904.0000 | row-ok=0.000 λ_row=50.00 constraint=4096.00 
step  5890 | loss=866050.688 | area=613136.44 err=993142464.0000 | row-ok=0.000 λ_row=50.00 constraint=3072.00 
step  5900 | loss=868424.688 | area=613136.44 err=1016882752.0000 | row-ok=0.000 λ_row=50.00 constraint=3072.00 
step  5910 | loss=863818.062 | area=611502.12 err=987159296.0000 | row-ok=0.000 λ_row=50.00 constraint=3072.00 
step  5920 | loss=870355.500 | area=612864.00 err=1038914688.0000 | row-ok=0.000 λ_row=50.00 constraint=3072.00 
step  5930 | loss=915331.500 | area=607688.75 err=1028427264.0000 | row-ok=0.000 λ_row=50.00 constraint=4096.00 
step  5940 | loss=869605.125 | area=612864.00 err=1031411392.0000 | row-ok=0.000 λ_row=50.00 constraint=3072.00 
step  5950 | loss=914987.438 | area=606054.44 err=1041329792.0000 | row-ok=0.000 λ_row=50.00 constraint=4096.00 
step  5960 | loss=1155111.000 | area=616677.38 err=2312336640.0000 | row-ok=0.000 λ_row=50.00 constraint=6144.00 
step  5970 | loss=866015.188 | area=612864.00 err=995512064.0000 | row-ok=0.000 λ_row=50.00 constraint=3072.00 
step  5980 | loss=919633.750 | area=614225.94 err=1006077952.0000 | row-ok=0.000 λ_row=50.00 constraint=4096.00 
step  5990 | loss=866167.688 | area=611502.12 err=1010655488.0000 | row-ok=0.000 λ_row=50.00 constraint=3072.00 
step  6000 | loss=959644.438 | area=608778.25 err=948661632.0000 | row-ok=0.000 λ_row=50.00 constraint=5120.00 
step  6010 | loss=966909.375 | area=611502.06 err=994073088.0000 | row-ok=0.000 λ_row=50.00 constraint=5120.00 
step  6020 | loss=912216.375 | area=607688.75 err=997275968.0000 | row-ok=0.000 λ_row=50.00 constraint=4096.00 
step  6030 | loss=870112.438 | area=612864.00 err=1036484352.0000 | row-ok=0.000 λ_row=50.00 constraint=3072.00 
step  6040 | loss=871729.688 | area=613136.44 err=1049932480.0000 | row-ok=0.000 λ_row=50.00 constraint=3072.00 
step  6050 | loss=864938.375 | area=612864.00 err=984744000.0000 | row-ok=0.000 λ_row=50.00 constraint=3072.00 
step  6060 | loss=1099276.000 | area=611774.50 err=2315014656.0000 | row-ok=0.000 λ_row=50.00 constraint=5120.00 
step  6070 | loss=1049794.375 | area=613953.56 err=2310407936.0000 | row-ok=0.000 λ_row=50.00 constraint=4096.00 
step  6080 | loss=868904.000 | area=611502.12 err=1038018560.0000 | row-ok=0.000 λ_row=50.00 constraint=3072.00 
step  6090 | loss=872800.250 | area=612864.00 err=1063362688.0000 | row-ok=0.000 λ_row=50.00 constraint=3072.00 
step  6100 | loss=865554.125 | area=612864.00 err=990901376.0000 | row-ok=0.000 λ_row=50.00 constraint=3072.00 
step  6110 | loss=972574.938 | area=615860.25 err=1007147136.0000 | row-ok=0.000 λ_row=50.00 constraint=5120.00 
step  6120 | loss=868773.812 | area=611502.12 err=1036717056.0000 | row-ok=0.000 λ_row=50.00 constraint=3072.00 
step  6130 | loss=973187.062 | area=615587.88 err=1015991936.0000 | row-ok=0.000 λ_row=50.00 constraint=5120.00 
step  6140 | loss=1191887.500 | area=611229.69 err=2222578688.0000 | row-ok=0.000 λ_row=50.00 constraint=7168.00 
step  6150 | loss=918932.438 | area=614225.94 err=999065216.0000 | row-ok=0.000 λ_row=50.00 constraint=4096.00 
step  6160 | loss=915488.625 | area=610684.94 err=1000036992.0000 | row-ok=0.000 λ_row=50.00 constraint=4096.00 
step  6170 | loss=920007.062 | area=613953.56 err=1012535040.0000 | row-ok=0.000 λ_row=50.00 constraint=4096.00 
step  6180 | loss=1051489.875 | area=613953.56 err=2327363072.0000 | row-ok=0.000 λ_row=50.00 constraint=4096.00 
step  6190 | loss=966882.438 | area=608778.25 err=1021041856.0000 | row-ok=0.000 λ_row=50.00 constraint=5120.00 
step  6200 | loss=863653.500 | area=613136.44 err=969170432.0000 | row-ok=0.000 λ_row=50.00 constraint=3072.00 
step  6210 | loss=917189.938 | area=607688.75 err=1047011840.0000 | row-ok=0.000 λ_row=50.00 constraint=4096.00 
step  6220 | loss=909979.312 | area=607688.75 err=974905792.0000 | row-ok=0.000 λ_row=50.00 constraint=4096.00 
step  6230 | loss=870643.500 | area=612864.00 err=1041795200.0000 | row-ok=0.000 λ_row=50.00 constraint=3072.00 
step  6240 | loss=908610.688 | area=607416.38 err=963943040.0000 | row-ok=0.000 λ_row=50.00 constraint=4096.00 
