
Gurobi 12.0.2 (mac64[arm]) logging started Fri Jul  4 22:09:05 2025

Set parameter LogFile to value "gurobi.log"
Set parameter MIPFocus to value 1
Set parameter NumericFocus to value 1
Set parameter Presolve to value 2
Set parameter Heuristics to value 0.4
Set parameter NonConvex to value 2
Gurobi Optimizer version 12.0.2 build v12.0.2rc0 (mac64[arm] - Darwin 23.6.0 23G80)

CPU model: Apple M3 Pro
Thread count: 12 physical cores, 12 logical processors, using up to 12 threads

Non-default parameters:
Heuristics  0.4
MIPFocus  1
NonConvex  2
NumericFocus  1
Presolve  2

Optimize a model with 465 rows, 739 columns and 2731 nonzeros
Model fingerprint: 0x0e346c46
Variable types: 0 continuous, 739 integer (0 binary)
Coefficient statistics:
  Matrix range     [1e+00, 4e+00]
  Objective range  [3e+00, 5e+00]
  Bounds range     [0e+00, 0e+00]
  RHS range        [1e+00, 2e+01]
Presolve removed 193 rows and 225 columns
Presolve time: 0.01s
Presolved: 272 rows, 514 columns, 1487 nonzeros
Variable types: 0 continuous, 514 integer (107 binary)
Root relaxation presolved: 272 rows, 514 columns, 1487 nonzeros


Root relaxation: objective 5.058603e+02, 130 iterations, 0.00 seconds (0.00 work units)

    Nodes    |    Current Node    |     Objective Bounds      |     Work
 Expl Unexpl |  Obj  Depth IntInf | Incumbent    BestBd   Gap | It/Node Time

     0     0  505.86031    0   61          -  505.86031      -     -    0s
H    0     0                     610.0800000  505.86031  17.1%     -    0s
H    0     0                     607.1500000  505.86031  16.7%     -    0s
H    0     0                     593.5800000  505.86031  14.8%     -    0s
     0     0  522.80000    0   56  593.58000  522.80000  11.9%     -    0s
H    0     0                     571.7600000  522.80000  8.56%     -    0s
H    0     0                     552.6000000  522.80000  5.39%     -    0s
H    0     0                     547.2800000  522.80000  4.47%     -    0s
     0     0  523.99500    0   49  547.28000  523.99500  4.25%     -    0s
H    0     0                     542.5000000  523.99500  3.41%     -    0s
H    0     0                     534.2500000  523.99500  1.92%     -    0s
     0     0  525.19000    0   27  534.25000  525.19000  1.70%     -    0s
H    0     0                     528.6600000  525.19000  0.66%     -    0s
H    0     0                     525.1900000  525.19000  0.00%     -    0s
     0     0  525.19000    0   27  525.19000  525.19000  0.00%     -    0s

Cutting planes:
  Gomory: 26
  Cover: 2
  Implied bound: 1
  MIR: 16
  StrongCG: 1
  Zero half: 5
  Relax-and-lift: 1

Explored 1 nodes (331 simplex iterations) in 0.04 seconds (0.02 work units)
Thread count was 12 (of 12 available processors)

Solution count 10: 525.19 528.66 534.25 ... 610.08

Optimal solution found (tolerance 1.00e-04)
Best objective 5.251900000000e+02, best bound 5.251900000000e+02, gap 0.0000%

Gurobi 12.0.2 (mac64[arm]) logging started Tue Jul  8 21:08:22 2025

Set parameter LogFile to value "gurobi.log"
Set parameter MIPFocus to value 1
Set parameter NumericFocus to value 1
Set parameter Presolve to value 2
Set parameter Heuristics to value 0.4
Set parameter NonConvex to value 2
Gurobi Optimizer version 12.0.2 build v12.0.2rc0 (mac64[arm] - Darwin 23.6.0 23G80)

CPU model: Apple M3 Pro
Thread count: 12 physical cores, 12 logical processors, using up to 12 threads

Non-default parameters:
Heuristics  0.4
MIPFocus  1
NonConvex  2
NumericFocus  1
Presolve  2

Optimize a model with 397 rows, 739 columns and 2731 nonzeros
Model fingerprint: 0xb3af0e25
Variable types: 0 continuous, 739 integer (0 binary)
Coefficient statistics:
  Matrix range     [1e+00, 4e+00]
  Objective range  [3e+00, 5e+00]
  Bounds range     [0e+00, 0e+00]
  RHS range        [1e+00, 5e+01]
Presolve removed 164 rows and 169 columns
Presolve time: 0.01s
Presolved: 233 rows, 570 columns, 1654 nonzeros
Variable types: 0 continuous, 570 integer (98 binary)
Root relaxation presolved: 233 rows, 570 columns, 1654 nonzeros


Root relaxation: objective 6.210184e+02, 244 iterations, 0.01 seconds (0.00 work units)

    Nodes    |    Current Node    |     Objective Bounds      |     Work
 Expl Unexpl |  Obj  Depth IntInf | Incumbent    BestBd   Gap | It/Node Time

     0     0  621.01836    0   48          -  621.01836      -     -    0s
H    0     0                     652.9100000  621.01836  4.88%     -    0s
H    0     0                     644.9300000  621.01836  3.71%     -    0s
H    0     0                     642.0000000  621.01836  3.27%     -    0s
H    0     0                     628.9700000  621.01836  1.26%     -    0s
H    0     0                     626.3100000  621.01836  0.84%     -    0s
     0     0  621.14781    0  103  626.31000  621.14781  0.82%     -    0s
     0     0  622.25250    0   90  626.31000  622.25250  0.65%     -    0s
     0     0  622.25250    0   67  626.31000  622.25250  0.65%     -    0s
H    0     0                     623.6500000  622.25250  0.22%     -    0s
     0     0  622.25250    0   56  623.65000  622.25250  0.22%     -    0s
     0     0     cutoff    0       623.65000  623.65000  0.00%     -    0s

Cutting planes:
  Gomory: 10
  Cover: 1
  MIR: 45
  StrongCG: 1
  Zero half: 12
  Mod-K: 1

Explored 1 nodes (700 simplex iterations) in 0.05 seconds (0.03 work units)
Thread count was 12 (of 12 available processors)

Solution count 6: 623.65 626.31 628.97 ... 652.91

Optimal solution found (tolerance 1.00e-04)
Best objective 6.236500000000e+02, best bound 6.236500000000e+02, gap 0.0000%

Gurobi 12.0.2 (mac64[arm]) logging started Tue Jul  8 21:10:09 2025

Set parameter LogFile to value "gurobi.log"
Set parameter MIPFocus to value 1
Set parameter NumericFocus to value 1
Set parameter Presolve to value 2
Set parameter Heuristics to value 0.4
Set parameter NonConvex to value 2
Gurobi Optimizer version 12.0.2 build v12.0.2rc0 (mac64[arm] - Darwin 23.6.0 23G80)

CPU model: Apple M3 Pro
Thread count: 12 physical cores, 12 logical processors, using up to 12 threads

Non-default parameters:
Heuristics  0.4
MIPFocus  1
NonConvex  2
NumericFocus  1
Presolve  2

Optimize a model with 397 rows, 739 columns and 2731 nonzeros
Model fingerprint: 0xb3af0e25
Variable types: 0 continuous, 739 integer (0 binary)
Coefficient statistics:
  Matrix range     [1e+00, 4e+00]
  Objective range  [3e+00, 5e+00]
  Bounds range     [0e+00, 0e+00]
  RHS range        [1e+00, 5e+01]
Presolve removed 164 rows and 169 columns
Presolve time: 0.00s
Presolved: 233 rows, 570 columns, 1654 nonzeros
Variable types: 0 continuous, 570 integer (98 binary)
Root relaxation presolved: 233 rows, 570 columns, 1654 nonzeros


Root relaxation: objective 6.210184e+02, 244 iterations, 0.00 seconds (0.00 work units)

    Nodes    |    Current Node    |     Objective Bounds      |     Work
 Expl Unexpl |  Obj  Depth IntInf | Incumbent    BestBd   Gap | It/Node Time

     0     0  621.01836    0   48          -  621.01836      -     -    0s
H    0     0                     652.9100000  621.01836  4.88%     -    0s
H    0     0                     644.9300000  621.01836  3.71%     -    0s
H    0     0                     642.0000000  621.01836  3.27%     -    0s
H    0     0                     628.9700000  621.01836  1.26%     -    0s
H    0     0                     626.3100000  621.01836  0.84%     -    0s
     0     0  621.14781    0  103  626.31000  621.14781  0.82%     -    0s
     0     0  622.25250    0   90  626.31000  622.25250  0.65%     -    0s
     0     0  622.25250    0   67  626.31000  622.25250  0.65%     -    0s
H    0     0                     623.6500000  622.25250  0.22%     -    0s
     0     0  622.25250    0   56  623.65000  622.25250  0.22%     -    0s
     0     0     cutoff    0       623.65000  623.65000  0.00%     -    0s

Cutting planes:
  Gomory: 10
  Cover: 1
  MIR: 45
  StrongCG: 1
  Zero half: 12
  Mod-K: 1

Explored 1 nodes (700 simplex iterations) in 0.03 seconds (0.03 work units)
Thread count was 12 (of 12 available processors)

Solution count 6: 623.65 626.31 628.97 ... 652.91

Optimal solution found (tolerance 1.00e-04)
Best objective 6.236500000000e+02, best bound 6.236500000000e+02, gap 0.0000%
